{
  "exclude_regex": "^.secrets.baseline$",
  "generated_at": "2018-12-06T15:53:33Z",
  "plugins_used": [
    {
      "base64_limit": 4.5,
      "name": "Base64HighEntropyString"
    },
    {
      "name": "BasicAuthDetector"
    },
    {
      "hex_limit": 3,
      "name": "HexHighEntropyString"
    },
    {
      "name": "PrivateKeyDetector"
    }
  ],
  "results": {},
  "version": "0.11.0"
}
